Prelude is up to date
Compiling parser/NewlineInString.hs
(1,14): Illegal character in string literal
  Hint: Correct examples of Strings: "Helium is cool" "abc\ndef" ""
Compilation failed with 1 error
