Prelude is up to date
Compiling gadts/GADT1.hs
fromList [(f,X a -> a)]

Length of errors doesn't match

fromList [(f,X a -> a)]
"fromList [(f,X a -> a)]"
(7,4): Type error in pattern application
 pattern          : B b
 constructor      : B
   type           : Bool -> X Bool
   does not match : Int  -> X Int 

Compilation failed with 1 error
