Prelude is up to date
Compiling typeClassesParse/Nonnesting3.hs
